<html>
<body>
<pre>
<h1>µVision Build Log</h1>
<h2>Project:</h2>
D:\230905408\week1\lab1.uvproj
Project File Date:  01/06/2025

<h2>Output:</h2>
Build target 'Target 1'
assembling file3.s...
file3.s(18): warning: A1581W: Added 2 bytes of padding at address 0xa
linking...
Program Size: Code=24 RO-data=8 RW-data=4 ZI-data=0  
".\lab1.axf" - 0 Error(s), 1 Warning(s).
 file1.o).
Not enough information to list image symbols.
Not enough information to list the image map.
Finished: 2 information, 0 warning and 2 error messages.
".\lab1.axf" - 2 Error(s), 0 Warning(s).
Target not created
Error: Could not load file 'D:\230905408\week1\lab1.axf'. Debugger aborted !
