<html>
<body>
<pre>
<h1>µVision Build Log</h1>
<h2>Project:</h2>
D:\230905408\week2\lab2.uvproj
Project File Date:  01/13/2025

<h2>Output:</h2>
Build target 'Target 1'
assembling q3.s...
q3.s(30): warning: A1581W: Added 2 bytes of padding at address 0x1a
linking...
Program Size: Code=76 RO-data=8 RW-data=4 ZI-data=0  
".\lab2.axf" - 0 Error(s), 1 Warning(s).
ed operator equal to or equivalent to /
".\lab2.axf" - 3 Error(s), 0 Warning(s).
Target not created
sion
q3.s(23): warning: A1865W: '#' not seen before constant expression
".\lab2.axf" - 3 Error(s), 2 Warning(s).
Target not created
expression
".\lab2.axf" - 4 Error(s), 2 Warning(s).
Target not created
d !
s), 0 Warning(s).
Target not created
Error: Could not load file 'D:\230905408\week2\lab2.axf'. Debugger aborted !
Error: Could not load file 'D:\230905408\week2\lab2.axf'. Debugger aborted !
Error: Could not load file 'D:\230905408\week2\lab2.axf'. Debugger aborted !
Error: Could not load file 'D:\230905408\week2\lab2.axf'. Debugger aborted !
