<html>
<body>
<pre>
<h1>µVision Build Log</h1>
<h2>Project:</h2>
D:\230905408\week3\lab3.uvproj
Project File Date:  01/20/2025

<h2>Output:</h2>
Build target 'Target 1'
assembling q4.s...
q4.s(28): warning: A1581W: Added 2 bytes of padding at address 0x1a
linking...
Program Size: Code=40 RO-data=8 RW-data=4 ZI-data=0  
".\lab3.axf" - 0 Error(s), 1 Warning(s).
.
Target not created
Error: Could not load file 'D:\230905408\week3\lab3.axf'. Debugger aborted !
Error: Could not load file 'D:\230905408\week3\lab3.axf'. Debugger aborted !
